Line 2 : Record
Line 14 : msgRcv: createPerson
Line 15 : Assignment
Line 16 : Built-In: PRINT
Line 16 : Operator:+
Line 17 : Send Message
Line 21 : msgRcv: updateAddress
Line 22 : Assignment
Line 23 : Built-In: PRINT
Line 23 : Operator:+
Line 24 : Send Message
Line 28 : msgRcv: displayPerson
Line 29 : Built-In: PRINT
Line 29 : Operator:+
Line 29 : Operator:+
Line 29 : Operator:+
Line 29 : Operator:+
Line 29 : Operator:+
Line 32 : msgRcv: updatePerson
Line 33 : Assignment
Line 37 : MAIN
Line 39 : Send Message
Line 39 : Assignment
Line 42 : Send Message
Line 42 : Assignment
Line 45 : Send Message
Line 45 : Assignment
Line 48 : Send Message
