Line 11 : Assignment
Line 15 : msgRcv: factorial
Line 16 : Decision: IF
Line 16 : Operator:==
Line 17 : Assignment
Line 18 : Join
Line 19 : Built-In: PRINT
Line 19 : Send Message
Line 19 : Operator:+
Line 21 : Decision: ELSE
Line 23 : Send Message
Line 23 : Operator:-
Line 23 : Operator:*
Line 27 : msgRcv: toStr
Line 33 : MAIN
Line 35 : Assignment
Line 38 : Send Message
