Line 11 : Assignment
Line 12 : Assignment
Line 16 : msgRcv: sendMessage
Line 17 : Built-In: PRINT
Line 17 : Operator:+
Line 17 : Operator:+
Line 17 : Operator:+
Line 17 : Operator:+
Line 20 : Send Message
Line 20 : Built-In: PRIVATE
Line 32 : Assignment
Line 33 : Assignment
Line 37 : msgRcv: receiveMessage
Line 49 : Assignment
Line 50 : Assignment
Line 54 : msgRcv: observeMessage
Line 58 : MAIN
Line 60 : Assignment
Line 61 : Assignment
Line 62 : Assignment
Line 65 : Send Message
